=== rpb-backend-verify.log === M3 backend hardening ===
Date: 2026-08-29T14:17:34Z

==================== typecheck ====================

> rental-aggregator@0.1.0 typecheck
> tsc --noEmit

EXIT=0

==================== test ====================

> rental-aggregator@0.1.0 test
> vitest run

[33mThe CJS build of Vite's Node API is deprecated. See https://vite.dev/guide/troubleshooting.html#vite-cjs-node-api-deprecated for more details.[39m

 RUN  v2.1.5 /Users/sean/Documents/Agent space/prompts/rental-aggregator/.clone

 ✓ src/lib/mask-invariant.test.ts (3 tests) 5ms
 ✓ src/lib/categories.test.ts (5 tests) 3ms
 ✓ src/lib/rate-limit.test.ts (14 tests) 6ms
 ✓ src/lib/mask.test.ts (23 tests) 9ms
 ✓ src/data/blacklist-store.test.ts (27 tests) 20ms
stderr | src/app/api/blacklist/route.test.ts > /api/blacklist POST — Rate limit (M3 hardening) > 前 5 次合法 POST → 202，第 6 次 → 429
[blacklist-store] static mode: submission logged to console only {
[blacklist-store] static mode: submission logged to console only {
[blacklist-store] static mode: submission logged to console only {
[blacklist-store] static mode: submission logged to console only {
[blacklist-store] static mode: submission logged to console only {

stderr | src/app/api/blacklist/route.test.ts > /api/blacklist POST — Rate limit (M3 hardening) > 429 response 含 Retry-After header + retryAfterSec body
[blacklist-store] static mode: submission logged to console only {
[blacklist-store] static mode: submission logged to console only {
[blacklist-store] static mode: submission logged to console only {
[blacklist-store] static mode: submission logged to console only {
[blacklist-store] static mode: submission logged to console only {

 ✓ src/app/api/blacklist/route.test.ts (28 tests) 97ms
stderr | src/components/TopDistricts.test.tsx > TopDistricts > fetch 失敗時不 crash（loading 維持不刪）
An update to TopDistricts inside a test was not wrapped in act(...).

When testing, code that causes React state updates should be wrapped into act(...):

act(() => {
  /* fire events that update state */
/* assert on the output */

This ensures that you're testing the behavior the user would see in the browser. Learn more at https://react.dev/link/wrap-tests-with-act

stderr | src/components/TopDistricts.test.tsx > TopDistricts > fetch 失敗時不 crash（loading 維持不刪）
AggregateError: 
    at internalConnectMultiple (node:net:1135:18)
    at afterConnectMultiple (node:net:1716:7) {
  code: 'ECONNREFUSED',
  [errors]: [
    Error: connect ECONNREFUSED ::1:3000
        at createConnectionError (node:net:1679:14)
        at afterConnectMultiple (node:net:1709:16) {
      errno: -61,
      code: 'ECONNREFUSED',
      syscall: 'connect',
      address: '::1',
      port: 3000
    },
    Error: connect ECONNREFUSED 127.0.0.1:3000
        at createConnectionError (node:net:1679:14)
        at afterConnectMultiple (node:net:1709:16) {
      errno: -61,
      code: 'ECONNREFUSED',
      syscall: 'connect',
      address: '127.0.0.1',
      port: 3000
    }
  ]

 ✓ src/components/BlacklistSearch.test.tsx (4 tests) 81ms
 ✓ src/components/TopDistricts.test.tsx (3 tests) 161ms

 Test Files  8 passed (8)
      Tests  107 passed (107)
   Start at  22:17:36
   Duration  1.12s (transform 326ms, setup 1.12s, collect 682ms, tests 381ms, environment 2.08s, prepare 741ms)

EXIT=0

==================== build ====================

▲ Next.js 16.3.0 (webpack)
✓ Running next.config.mjs took 6ms

  Creating an optimized production build ...
✓ Compiled successfully in 640ms
  Running TypeScript ...
  Finished TypeScript in 856ms ...
  Collecting page data using 7 workers ...
  Generating static pages using 7 workers (0/3) ...
✓ Generating static pages using 7 workers (3/3) in 322ms
  Finalizing page optimization ...
  Collecting build traces ...

Route (app)
┌ ○ /
├ ○ /_not-found
├ ƒ /api/blacklist
├ ƒ /api/blacklist/stats
└ ƒ /api/health


○  (Static)   prerendered as static content
ƒ  (Dynamic)  server-rendered on demand

EXIT=0

==================== test:coverage (summary) ====================
      Coverage enabled with v8
 ✓ src/lib/rate-limit.test.ts (14 tests) 13ms
 Test Files  8 passed (8)
      Tests  107 passed (107)
 % Coverage report from v8
-------------------|---------|----------|---------|---------|-------------------
File               | % Stmts | % Branch | % Funcs | % Lines | Uncovered Line #s 
-------------------|---------|----------|---------|---------|-------------------
All files          |   97.16 |    92.81 |      92 |   97.16 |                   
-------------------|---------|----------|---------|---------|-------------------
=============================== Coverage summary ===============================
Statements   : 97.16% ( 1577/1623 )
Branches     : 92.81% ( 323/348 )
Functions    : 92% ( 23/25 )
Lines        : 97.16% ( 1577/1623 )
================================================================================
EXIT=0

==================== risk R2 note ====================
R2（PLAN.md Risk Register）：in-memory rate limit 在 Vercel serverless
多實例下不精確 — 每個 instance 獨立計數 Map 狀態。
已在 src/lib/rate-limit.ts 開頭 JSDoc 註解說明 + 列為 follow-up
（production upgrade path：Upstash Redis / Vercel KV）。

==================== ADR-002 invariant ====================
M3 新增的程式碼不繞過 maskLandlordName()。
mask-invariant.test.ts 靜態掃描通過。
