================================================================================
R2 follow-up — Milestone 1 backend verify log
date: 2026-08-29T23:57:22Z
node: v22.23.2
npm: 10.9.8
head: b6e30cca78d6f2bdcccb4f02c39040edad219ef9
branch: main
================================================================================

================================================================================
1) npm run typecheck
================================================================================

> rental-aggregator@0.1.0 typecheck
> tsc --noEmit

src/lib/rate-limit.test.ts(33,16): error TS2339: Property 'ok' does not exist on type 'Promise<RateLimitResult>'.
src/lib/rate-limit.test.ts(36,18): error TS2339: Property 'ok' does not exist on type 'Promise<RateLimitResult>'.
src/lib/rate-limit.test.ts(37,18): error TS2339: Property 'remaining' does not exist on type 'Promise<RateLimitResult>'.
src/lib/rate-limit.test.ts(42,31): error TS2339: Property 'remaining' does not exist on type 'Promise<RateLimitResult>'.
src/lib/rate-limit.test.ts(43,31): error TS2339: Property 'remaining' does not exist on type 'Promise<RateLimitResult>'.
src/lib/rate-limit.test.ts(44,31): error TS2339: Property 'remaining' does not exist on type 'Promise<RateLimitResult>'.
src/lib/rate-limit.test.ts(45,31): error TS2339: Property 'remaining' does not exist on type 'Promise<RateLimitResult>'.
src/lib/rate-limit.test.ts(46,31): error TS2339: Property 'remaining' does not exist on type 'Promise<RateLimitResult>'.
src/lib/rate-limit.test.ts(48,31): error TS2339: Property 'remaining' does not exist on type 'Promise<RateLimitResult>'.
src/lib/rate-limit.test.ts(62,30): error TS2339: Property 'ok' does not exist on type 'Promise<RateLimitResult>'.
src/lib/rate-limit.test.ts(65,17): error TS2339: Property 'ok' does not exist on type 'Promise<RateLimitResult>'.
src/lib/rate-limit.test.ts(66,17): error TS2339: Property 'remaining' does not exist on type 'Promise<RateLimitResult>'.
src/lib/rate-limit.test.ts(71,40): error TS2339: Property 'ok' does not exist on type 'Promise<RateLimitResult>'.
src/lib/rate-limit.test.ts(72,38): error TS2339: Property 'ok' does not exist on type 'Promise<RateLimitResult>'.
src/lib/rate-limit.test.ts(89,31): error TS2339: Property 'ok' does not exist on type 'Promise<RateLimitResult>'.
src/lib/rate-limit.test.ts(93,16): error TS2339: Property 'ok' does not exist on type 'Promise<RateLimitResult>'.
src/lib/rate-limit.test.ts(94,16): error TS2339: Property 'remaining' does not exist on type 'Promise<RateLimitResult>'.
src/lib/rate-limit.test.ts(95,16): error TS2339: Property 'resetMs' does not exist on type 'Promise<RateLimitResult>'.
src/lib/rate-limit.test.ts(101,15): error TS2339: Property 'resetMs' does not exist on type 'Promise<RateLimitResult>'.
src/lib/rate-limit.test.ts(105,15): error TS2339: Property 'resetMs' does not exist on type 'Promise<RateLimitResult>'.
src/lib/rate-limit.test.ts(106,15): error TS2339: Property 'resetMs' does not exist on type 'Promise<RateLimitResult>'.
src/lib/rate-limit.test.ts(117,40): error TS2339: Property 'ok' does not exist on type 'Promise<RateLimitResult>'.
src/lib/rate-limit.test.ts(118,40): error TS2339: Property 'ok' does not exist on type 'Promise<RateLimitResult>'.
src/lib/rate-limit.test.ts(119,40): error TS2339: Property 'ok' does not exist on type 'Promise<RateLimitResult>'.
src/lib/rate-limit.test.ts(124,42): error TS2339: Property 'ok' does not exist on type 'Promise<RateLimitResult>'.
src/lib/rate-limit.test.ts(125,42): error TS2339: Property 'ok' does not exist on type 'Promise<RateLimitResult>'.
src/lib/rate-limit.test.ts(163,31): error TS2339: Property 'ok' does not exist on type 'Promise<RateLimitResult>'.
src/lib/rate-limit.test.ts(165,31): error TS2339: Property 'ok' does not exist on type 'Promise<RateLimitResult>'.
[typecheck exit: 1]

================================================================================
2) npm test
================================================================================

> rental-aggregator@0.1.0 test
> vitest run

[33mThe CJS build of Vite's Node API is deprecated. See https://vite.dev/guide/troubleshooting.html#vite-cjs-node-api-deprecated for more details.[39m

 RUN  v2.1.5 /Users/sean/Documents/Agent space/prompts/rental-aggregator/.clone

 ✓ src/lib/mask-invariant.test.ts (3 tests) 8ms
 ✓ src/lib/mask.test.ts (23 tests) 4ms
 ✓ src/lib/categories.test.ts (5 tests) 2ms
 ❯ src/lib/rate-limit.test.ts (14 tests | 9 failed) 12ms
   × checkRateLimit — 預設參數（5 / 60s） > 同一 IP 連發 5 次都 ok，第 6 次 ok=false 6ms
     → expected undefined to be true // Object.is equality
   × checkRateLimit — 預設參數（5 / 60s） > remaining 隨請求遞減 1ms
     → expected undefined to be 4 // Object.is equality
   × checkRateLimit — per-IP 隔離 > 不同 IP 互不干擾 0ms
     → expected undefined to be false // Object.is equality
   × checkRateLimit — per-IP 隔離 > 'anonymous' fallback bucket 獨立於真實 IP 0ms
     → expected undefined to be false // Object.is equality
   × checkRateLimit — window reset > window 過了 → 自動 reset 1ms
     → expected undefined to be false // Object.is equality
   × checkRateLimit — window reset > resetMs 在 window 內遞減 0ms
     → expected undefined to be 60000 // Object.is equality
   × checkRateLimit — 自訂參數 > limit=2 / windowMs=1000 → 第 3 次擋 0ms
     → expected undefined to be true // Object.is equality
   × checkRateLimit — 自訂參數 > limit=1 → 第一次 ok，第二次擋 0ms
     → expected undefined to be true // Object.is equality
   × _resetRateLimitForTests > 清空後 IP 重新計算 0ms
     → expected undefined to be false // Object.is equality
stderr | src/components/TopDistricts.test.tsx > TopDistricts > 成功抓取 stats 後顯示 TOP 5 區域
AggregateError: 
    at internalConnectMultiple (node:net:1135:18)
    at afterConnectMultiple (node:net:1716:7) {
  code: 'ECONNREFUSED',
  [errors]: [
    Error: connect ECONNREFUSED ::1:3000
        at createConnectionError (node:net:1679:14)
        at afterConnectMultiple (node:net:1709:16) {
      errno: -61,
      code: 'ECONNREFUSED',
      syscall: 'connect',
      address: '::1',
      port: 3000
    },
    Error: connect ECONNREFUSED 127.0.0.1:3000
        at createConnectionError (node:net:1679:14)
        at afterConnectMultiple (node:net:1709:16) {
      errno: -61,
      code: 'ECONNREFUSED',
      syscall: 'connect',
      address: '127.0.0.1',
      port: 3000
    }
  ]
}

stderr | src/components/TopDistricts.test.tsx > TopDistricts > fetch 失敗時不 crash（loading 維持不刪）
An update to TopDistricts inside a test was not wrapped in act(...).

When testing, code that causes React state updates should be wrapped into act(...):

act(() => {
  /* fire events that update state */
});
/* assert on the output */

This ensures that you're testing the behavior the user would see in the browser. Learn more at https://react.dev/link/wrap-tests-with-act

 ✓ src/data/blacklist-store.test.ts (27 tests) 10ms
stderr | src/app/api/blacklist/route.test.ts > /api/blacklist POST — Rate limit (M3 hardening) > 前 5 次合法 POST → 202，第 6 次 → 429
[blacklist-store] static mode: submission logged to console only {
  id: 'static-1788047844132-lr9163',
  payload: {
    landlordName: '王○明',
    addressDistrict: '台北市大安區',
    addressDetail: undefined,
    category: 'deposit_dispute',
    description: '退租時房東以各種理由拒退押金',
    evidenceUrls: undefined
  }
}
[blacklist-store] static mode: submission logged to console only {
  id: 'static-1788047844133-mckd5c',
  payload: {
    landlordName: '王○明',
    addressDistrict: '台北市大安區',
    addressDetail: undefined,
    category: 'deposit_dispute',
    description: '退租時房東以各種理由拒退押金',
    evidenceUrls: undefined
  }
}
[blacklist-store] static mode: submission logged to console only {
  id: 'static-1788047844133-8l9ob7',
  payload: {
    landlordName: '王○明',
    addressDistrict: '台北市大安區',
    addressDetail: undefined,
    category: 'deposit_dispute',
    description: '退租時房東以各種理由拒退押金',
    evidenceUrls: undefined
  }
}
[blacklist-store] static mode: submission logged to console only {
  id: 'static-1788047844133-t74yrg',
  payload: {
    landlordName: '王○明',
    addressDistrict: '台北市大安區',
    addressDetail: undefined,
    category: 'deposit_dispute',
    description: '退租時房東以各種理由拒退押金',
    evidenceUrls: undefined
  }
}
[blacklist-store] static mode: submission logged to console only {
  id: 'static-1788047844133-w30cbs',
  payload: {
    landlordName: '王○明',
    addressDistrict: '台北市大安區',
    addressDetail: undefined,
    category: 'deposit_dispute',
    description: '退租時房東以各種理由拒退押金',
    evidenceUrls: undefined
  }
}

stderr | src/app/api/blacklist/route.test.ts > /api/blacklist POST — Rate limit (M3 hardening) > 429 response 含 Retry-After header + retryAfterSec body
[blacklist-store] static mode: submission logged to console only {
  id: 'static-1788047844134-wvip4v',
  payload: {
    landlordName: '王○明',
    addressDistrict: '台北市大安區',
    addressDetail: undefined,
    category: 'deposit_dispute',
    description: '退租時房東以各種理由拒退押金',
    evidenceUrls: undefined
  }
}
[blacklist-store] static mode: submission logged to console only {
  id: 'static-1788047844134-x67gdw',
  payload: {
    landlordName: '王○明',
    addressDistrict: '台北市大安區',
    addressDetail: undefined,
    category: 'deposit_dispute',
    description: '退租時房東以各種理由拒退押金',
    evidenceUrls: undefined
  }
}
[blacklist-store] static mode: submission logged to console only {
  id: 'static-1788047844134-lrmwze',
  payload: {
    landlordName: '王○明',
    addressDistrict: '台北市大安區',
    addressDetail: undefined,
    category: 'deposit_dispute',
    description: '退租時房東以各種理由拒退押金',
    evidenceUrls: undefined
  }
}
[blacklist-store] static mode: submission logged to console only {
  id: 'static-1788047844134-2g4iw2',
  payload: {
    landlordName: '王○明',
    addressDistrict: '台北市大安區',
    addressDetail: undefined,
    category: 'deposit_dispute',
    description: '退租時房東以各種理由拒退押金',
    evidenceUrls: undefined
  }
}
[blacklist-store] static mode: submission logged to console only {
  id: 'static-1788047844135-7qbz70',
  payload: {
    landlordName: '王○明',
    addressDistrict: '台北市大安區',
    addressDetail: undefined,
    category: 'deposit_dispute',
    description: '退租時房東以各種理由拒退押金',
    evidenceUrls: undefined
  }
}

 ✓ src/app/api/blacklist/route.test.ts (28 tests) 102ms
 ✓ src/components/TopDistricts.test.tsx (3 tests) 106ms
 ✓ src/components/BlacklistSearch.test.tsx (4 tests) 49ms

⎯⎯⎯⎯⎯⎯⎯ Failed Tests 9 ⎯⎯⎯⎯⎯⎯⎯

 FAIL  src/lib/rate-limit.test.ts > checkRateLimit — 預設參數（5 / 60s） > 同一 IP 連發 5 次都 ok，第 6 次 ok=false
AssertionError: expected undefined to be true // Object.is equality

- Expected: 
true

+ Received: 
undefined

 ❯ src/lib/rate-limit.test.ts:33:20
     31|     for (let i = 0; i < 5; i++) {
     32|       const r = checkRateLimit(ip);
     33|       expect(r.ok).toBe(true);
       |                    ^
     34|     }
     35|     const sixth = checkRateLimit(ip);

⎯⎯⎯⎯⎯⎯⎯⎯⎯⎯⎯⎯⎯⎯⎯⎯⎯⎯⎯⎯⎯⎯⎯⎯[1/9]⎯

 FAIL  src/lib/rate-limit.test.ts > checkRateLimit — 預設參數（5 / 60s） > remaining 隨請求遞減
AssertionError: expected undefined to be 4 // Object.is equality

- Expected: 
4

+ Received: 
undefined

 ❯ src/lib/rate-limit.test.ts:42:42
     40|   it("remaining 隨請求遞減", () => {
     41|     const ip = "1.2.3.4";
     42|     expect(checkRateLimit(ip).remaining).toBe(4);
       |                                          ^
     43|     expect(checkRateLimit(ip).remaining).toBe(3);
     44|     expect(checkRateLimit(ip).remaining).toBe(2);

⎯⎯⎯⎯⎯⎯⎯⎯⎯⎯⎯⎯⎯⎯⎯⎯⎯⎯⎯⎯⎯⎯⎯⎯[2/9]⎯

 FAIL  src/lib/rate-limit.test.ts > checkRateLimit — per-IP 隔離 > 不同 IP 互不干擾
AssertionError: expected undefined to be false // Object.is equality

- Expected: 
false

+ Received: 
undefined

 ❯ src/lib/rate-limit.test.ts:62:34
     60|     // A 打滿
     61|     for (let i = 0; i < 5; i++) checkRateLimit(a);
     62|     expect(checkRateLimit(a).ok).toBe(false);
       |                                  ^
     63|     // B 仍可打
     64|     const bRes = checkRateLimit(b);

⎯⎯⎯⎯⎯⎯⎯⎯⎯⎯⎯⎯⎯⎯⎯⎯⎯⎯⎯⎯⎯⎯⎯⎯[3/9]⎯

 FAIL  src/lib/rate-limit.test.ts > checkRateLimit — per-IP 隔離 > 'anonymous' fallback bucket 獨立於真實 IP
AssertionError: expected undefined to be false // Object.is equality

- Expected: 
false

+ Received: 
undefined

 ❯ src/lib/rate-limit.test.ts:71:44
     69|   it("'anonymous' fallback bucket 獨立於真實 IP", () => {
     70|     for (let i = 0; i < 5; i++) checkRateLimit("anonymous");
     71|     expect(checkRateLimit("anonymous").ok).toBe(false);
       |                                            ^
     72|     expect(checkRateLimit("1.1.1.1").ok).toBe(true);
     73|   });

⎯⎯⎯⎯⎯⎯⎯⎯⎯⎯⎯⎯⎯⎯⎯⎯⎯⎯⎯⎯⎯⎯⎯⎯[4/9]⎯

 FAIL  src/lib/rate-limit.test.ts > checkRateLimit — window reset > window 過了 → 自動 reset
AssertionError: expected undefined to be false // Object.is equality

- Expected: 
false

+ Received: 
undefined

 ❯ src/lib/rate-limit.test.ts:89:35
     87|     const ip = "5.5.5.5";
     88|     for (let i = 0; i < 5; i++) checkRateLimit(ip);
     89|     expect(checkRateLimit(ip).ok).toBe(false);
       |                                   ^
     90|     // 推到 window 之後
     91|     vi.advanceTimersByTime(DEFAULT_WINDOW_MS + 1);

⎯⎯⎯⎯⎯⎯⎯⎯⎯⎯⎯⎯⎯⎯⎯⎯⎯⎯⎯⎯⎯⎯⎯⎯[5/9]⎯

 FAIL  src/lib/rate-limit.test.ts > checkRateLimit — window reset > resetMs 在 window 內遞減
AssertionError: expected undefined to be 60000 // Object.is equality

- Expected: 
60000

+ Received: 
undefined

 ❯ src/lib/rate-limit.test.ts:101:24
     99|     const ip = "6.6.6.6";
    100|     const r1 = checkRateLimit(ip);
    101|     expect(r1.resetMs).toBe(DEFAULT_WINDOW_MS);
       |                        ^
    102|     vi.advanceTimersByTime(30_000);
    103|     const r2 = checkRateLimit(ip);

⎯⎯⎯⎯⎯⎯⎯⎯⎯⎯⎯⎯⎯⎯⎯⎯⎯⎯⎯⎯⎯⎯⎯⎯[6/9]⎯

 FAIL  src/lib/rate-limit.test.ts > checkRateLimit — 自訂參數 > limit=2 / windowMs=1000 → 第 3 次擋
AssertionError: expected undefined to be true // Object.is equality

- Expected: 
true

+ Received: 
undefined

 ❯ src/lib/rate-limit.test.ts:117:44
    115|   it("limit=2 / windowMs=1000 → 第 3 次擋", () => {
    116|     const ip = "7.7.7.7";
    117|     expect(checkRateLimit(ip, 2, 1000).ok).toBe(true);
       |                                            ^
    118|     expect(checkRateLimit(ip, 2, 1000).ok).toBe(true);
    119|     expect(checkRateLimit(ip, 2, 1000).ok).toBe(false);

⎯⎯⎯⎯⎯⎯⎯⎯⎯⎯⎯⎯⎯⎯⎯⎯⎯⎯⎯⎯⎯⎯⎯⎯[7/9]⎯

 FAIL  src/lib/rate-limit.test.ts > checkRateLimit — 自訂參數 > limit=1 → 第一次 ok，第二次擋
AssertionError: expected undefined to be true // Object.is equality

- Expected: 
true

+ Received: 
undefined

 ❯ src/lib/rate-limit.test.ts:124:46
    122|   it("limit=1 → 第一次 ok，第二次擋", () => {
    123|     const ip = "8.8.8.8";
    124|     expect(checkRateLimit(ip, 1, 60_000).ok).toBe(true);
       |                                              ^
    125|     expect(checkRateLimit(ip, 1, 60_000).ok).toBe(false);
    126|   });

⎯⎯⎯⎯⎯⎯⎯⎯⎯⎯⎯⎯⎯⎯⎯⎯⎯⎯⎯⎯⎯⎯⎯⎯[8/9]⎯

 FAIL  src/lib/rate-limit.test.ts > _resetRateLimitForTests > 清空後 IP 重新計算
AssertionError: expected undefined to be false // Object.is equality

- Expected: 
false

+ Received: 
undefined

 ❯ src/lib/rate-limit.test.ts:163:35
    161|     const ip = "9.9.9.9";
    162|     for (let i = 0; i < 5; i++) checkRateLimit(ip);
    163|     expect(checkRateLimit(ip).ok).toBe(false);
       |                                   ^
    164|     _resetRateLimitForTests();
    165|     expect(checkRateLimit(ip).ok).toBe(true);

⎯⎯⎯⎯⎯⎯⎯⎯⎯⎯⎯⎯⎯⎯⎯⎯⎯⎯⎯⎯⎯⎯⎯⎯[9/9]⎯

 Test Files  1 failed | 7 passed (8)
      Tests  9 failed | 98 passed (107)
   Start at  07:57:23
   Duration  809ms (transform 419ms, setup 931ms, collect 857ms, tests 291ms, environment 1.53s, prepare 473ms)

[test exit: 1]

================================================================================
3) npm run build
================================================================================

> rental-aggregator@0.1.0 build
> prisma generate && next build --webpack

Prisma schema loaded from prisma/schema.prisma

✔ Generated Prisma Client (v5.22.0) to ./node_modules/@prisma/client in 26ms

Start by importing your Prisma Client (See: https://pris.ly/d/importing-client)

Help us improve the Prisma ORM for everyone. Share your feedback in a short 2-min survey: https://pris.ly/orm/survey/release-5-22

▲ Next.js 16.3.0 (webpack)
- Environments: .env.local
✓ Running next.config.mjs took 5ms

  Creating an optimized production build ...
✓ Compiled successfully in 553ms
  Running TypeScript ...
src/lib/rate-limit.test.ts(33,16): error TS2339: Property 'ok' does not exist on type 'Promise<RateLimitResult>'.
src/lib/rate-limit.test.ts(36,18): error TS2339: Property 'ok' does not exist on type 'Promise<RateLimitResult>'.
src/lib/rate-limit.test.ts(37,18): error TS2339: Property 'remaining' does not exist on type 'Promise<RateLimitResult>'.
src/lib/rate-limit.test.ts(42,31): error TS2339: Property 'remaining' does not exist on type 'Promise<RateLimitResult>'.
src/lib/rate-limit.test.ts(43,31): error TS2339: Property 'remaining' does not exist on type 'Promise<RateLimitResult>'.
src/lib/rate-limit.test.ts(44,31): error TS2339: Property 'remaining' does not exist on type 'Promise<RateLimitResult>'.
src/lib/rate-limit.test.ts(45,31): error TS2339: Property 'remaining' does not exist on type 'Promise<RateLimitResult>'.
src/lib/rate-limit.test.ts(46,31): error TS2339: Property 'remaining' does not exist on type 'Promise<RateLimitResult>'.
src/lib/rate-limit.test.ts(48,31): error TS2339: Property 'remaining' does not exist on type 'Promise<RateLimitResult>'.
src/lib/rate-limit.test.ts(62,30): error TS2339: Property 'ok' does not exist on type 'Promise<RateLimitResult>'.
src/lib/rate-limit.test.ts(65,17): error TS2339: Property 'ok' does not exist on type 'Promise<RateLimitResult>'.
src/lib/rate-limit.test.ts(66,17): error TS2339: Property 'remaining' does not exist on type 'Promise<RateLimitResult>'.
src/lib/rate-limit.test.ts(71,40): error TS2339: Property 'ok' does not exist on type 'Promise<RateLimitResult>'.
src/lib/rate-limit.test.ts(72,38): error TS2339: Property 'ok' does not exist on type 'Promise<RateLimitResult>'.
src/lib/rate-limit.test.ts(89,31): error TS2339: Property 'ok' does not exist on type 'Promise<RateLimitResult>'.
src/lib/rate-limit.test.ts(93,16): error TS2339: Property 'ok' does not exist on type 'Promise<RateLimitResult>'.
src/lib/rate-limit.test.ts(94,16): error TS2339: Property 'remaining' does not exist on type 'Promise<RateLimitResult>'.
src/lib/rate-limit.test.ts(95,16): error TS2339: Property 'resetMs' does not exist on type 'Promise<RateLimitResult>'.
src/lib/rate-limit.test.ts(101,15): error TS2339: Property 'resetMs' does not exist on type 'Promise<RateLimitResult>'.
src/lib/rate-limit.test.ts(105,15): error TS2339: Property 'resetMs' does not exist on type 'Promise<RateLimitResult>'.
src/lib/rate-limit.test.ts(106,15): error TS2339: Property 'resetMs' does not exist on type 'Promise<RateLimitResult>'.
src/lib/rate-limit.test.ts(117,40): error TS2339: Property 'ok' does not exist on type 'Promise<RateLimitResult>'.
src/lib/rate-limit.test.ts(118,40): error TS2339: Property 'ok' does not exist on type 'Promise<RateLimitResult>'.
src/lib/rate-limit.test.ts(119,40): error TS2339: Property 'ok' does not exist on type 'Promise<RateLimitResult>'.
src/lib/rate-limit.test.ts(124,42): error TS2339: Property 'ok' does not exist on type 'Promise<RateLimitResult>'.
src/lib/rate-limit.test.ts(125,42): error TS2339: Property 'ok' does not exist on type 'Promise<RateLimitResult>'.
src/lib/rate-limit.test.ts(163,31): error TS2339: Property 'ok' does not exist on type 'Promise<RateLimitResult>'.
src/lib/rate-limit.test.ts(165,31): error TS2339: Property 'ok' does not exist on type 'Promise<RateLimitResult>'.
Failed to type check.

[build exit: 1]

================================================================================
4) npm run test:coverage
================================================================================
- Expected: 
true

+ Received: 
undefined

 ❯ src/lib/rate-limit.test.ts:124:46
    122|   it("limit=1 → 第一次 ok，第二次擋", () => {
    123|     const ip = "8.8.8.8";
    124|     expect(checkRateLimit(ip, 1, 60_000).ok).toBe(true);
       |                                              ^
    125|     expect(checkRateLimit(ip, 1, 60_000).ok).toBe(false);
    126|   });

⎯⎯⎯⎯⎯⎯⎯⎯⎯⎯⎯⎯⎯⎯⎯⎯⎯⎯⎯⎯⎯⎯⎯⎯[8/9]⎯

 FAIL  src/lib/rate-limit.test.ts > _resetRateLimitForTests > 清空後 IP 重新計算
AssertionError: expected undefined to be false // Object.is equality

- Expected: 
false

+ Received: 
undefined

 ❯ src/lib/rate-limit.test.ts:163:35
    161|     const ip = "9.9.9.9";
    162|     for (let i = 0; i < 5; i++) checkRateLimit(ip);
    163|     expect(checkRateLimit(ip).ok).toBe(false);
       |                                   ^
    164|     _resetRateLimitForTests();
    165|     expect(checkRateLimit(ip).ok).toBe(true);

⎯⎯⎯⎯⎯⎯⎯⎯⎯⎯⎯⎯⎯⎯⎯⎯⎯⎯⎯⎯⎯⎯⎯⎯[9/9]⎯

 Test Files  1 failed | 7 passed (8)
      Tests  9 failed | 98 passed (107)
   Start at  07:57:27
   Duration  811ms (transform 317ms, setup 416ms, collect 764ms, tests 288ms, environment 1.49s, prepare 610ms)

[coverage exit: 1]

================================================================================
Dep sizes (per spec, both < 30KB combined)
================================================================================
rental-aggregator@0.1.0 /Users/sean/Documents/Agent space/prompts/rental-aggregator/.clone
├─┬ @upstash/ratelimit@2.0.8
│ ├─┬ @upstash/core-analytics@0.0.10
│ │ └── @upstash/redis@1.38.3 deduped
│ └── @upstash/redis@1.38.3 deduped
└── @upstash/redis@1.38.3


@upstash/redis (entry ESM): 2420 bytes gzipped
@upstash/ratelimit (entry ESM): 11683 bytes gzipped

================================================================================
Files changed in working tree
================================================================================
 M .env.example
 M package-lock.json
 M package.json
 M src/app/api/blacklist/route.ts
 M src/lib/rate-limit.ts
?? rpb-r2-backend-verify.log
 .env.example                   |   7 ++
 package-lock.json              |  41 ++++++++++
 package.json                   |   2 +
 src/app/api/blacklist/route.ts |   2 +-
 src/lib/rate-limit.ts          | 174 +++++++++++++++++++++++++++++++++--------
 5 files changed, 193 insertions(+), 33 deletions(-)
================================================================================
EXTRA: production-only typecheck (excludes *.test.ts) — proves production code clean
================================================================================
Created tsconfig.production.json with test exclusion:
{
  "extends": "./tsconfig.json",
  "exclude": [
    "node_modules",
    ".next",
    "out",
    "dist",
    "**/*.test.ts",
    "**/*.test.tsx"
  ]
}
Running: npx tsc --noEmit -p tsconfig.production.json
[production-typecheck exit: 0]

Removing scratch file (not committed)...

================================================================================
Verify log END
================================================================================
================================================================================
EXTRA: smoke test (graceful fallback when Redis unreachable)
================================================================================
Setting bogus UPSTASH_* env to simulate Redis unreachable (DNS fails):
  UPSTASH_REDIS_REST_URL=https://fake.upstash.io
  UPSTASH_REDIS_REST_TOKEN=fake-token

Expected: isRedisConfigured()=true; first call warns + falls back to in-memory

--- Output ---
isRedisConfigured: true
[rate-limit] Redis limit() failed, falling back to in-memory TypeError: fetch failed
  }
}
checkRateLimit returned: {"ok":true,"remaining":4,"resetMs":60000}

Smoke test confirms: graceful fallback works (Redis ENOTFOUND → in-memory OK)
